# serializer version: 1
# name: test_rich
  '''
  KittyImage from path:
         ░▒ ░ ▒▓░░░░░░░░░░░░░░░▒▒
   ░      ░ ░▒▓░▒█▓░▒▓▒▒▒░░░░░░▒▒
  ░▓ ▒▓ ░░░ ░░░░▒▒▒▒▒▒▒░░▒▒▒▒▒▒▒▒
     ░░ ░░░             ░▒▒▒▒▒▒▒▒
  ░░      ░  ▒▒▒▓▓▓▓▒▒░ ░▒▒▒▒▒▒▒▒
  ▒▒▒▒  ░ ░░░░▒░▒▓▓▒░▒▒░▒▒▒▒▒▒▒▒▒
          ░▒▒▒▒▓▓▓▓▓▓▓▒▒▒▒▒▒▒▒▒▒▒
  ░      ▒▓▓▓▒▓▒▒▒▒▒▒▒▓▓▒▒▒▒▒▒▒▒▒
  ▒     ░▓▓▓▒░▒▒▒▒▒▒▒▓▒▒▒▒▒▒▒▒▒▒▒
         ▒▓▒▒░▒▒▒▒▒▒▒▒░▒▒▒▒▒▒▒▒▒▒
    ░▒░   ░░  ▒▒░░░░▒▓  ░░▒▒▒▒▒▒▒
    ▒░        ▓▓▒▒▒▒█▒        ░▒▒
  ▓           ░█▒░░▒▓           ░
  ▓▒             ▒▓░             
  ▓░   ▒░░░░    ▓█▒              
  ▓    ░░░░░    ░░    ░░▒▒░░░    
  ▒                              
                ░░               
  
  KittyImage from pillow image:
         ░▒ ░ ▒▓░░░░░░░░░░░░░░░▒▒
   ░      ░ ░▒▓░▒█▓░▒▓▒▒▒░░░░░░▒▒
  ░▓ ▒▓ ░░░ ░░░░▒▒▒▒▒▒▒░░▒▒▒▒▒▒▒▒
     ░░ ░░░             ░▒▒▒▒▒▒▒▒
  ░░      ░  ▒▒▒▓▓▓▓▒▒░ ░▒▒▒▒▒▒▒▒
  ▒▒▒▒  ░ ░░░░▒░▒▓▓▒░▒▒░▒▒▒▒▒▒▒▒▒
          ░▒▒▒▒▓▓▓▓▓▓▓▒▒▒▒▒▒▒▒▒▒▒
  ░      ▒▓▓▓▒▓▒▒▒▒▒▒▒▓▓▒▒▒▒▒▒▒▒▒
  ▒     ░▓▓▓▒░▒▒▒▒▒▒▒▓▒▒▒▒▒▒▒▒▒▒▒
         ▒▓▒▒░▒▒▒▒▒▒▒▒░▒▒▒▒▒▒▒▒▒▒
    ░▒░   ░░  ▒▒░░░░▒▓  ░░▒▒▒▒▒▒▒
    ▒░        ▓▓▒▒▒▒█▒        ░▒▒
  ▓           ░█▒░░▒▓           ░
  ▓▒             ▒▓░             
  ▓░   ▒░░░░    ▓█▒              
  ▓    ░░░░░    ░░    ░░▒▒░░░    
  ▒                              
                ░░               
  
  Same KittyImage instance rendered twice:
         ░▒ ░ ▒▓░░░░░░░░░░░░░░░▒▒
   ░      ░ ░▒▓░▒█▓░▒▓▒▒▒░░░░░░▒▒
  ░▓ ▒▓ ░░░ ░░░░▒▒▒▒▒▒▒░░▒▒▒▒▒▒▒▒
     ░░ ░░░             ░▒▒▒▒▒▒▒▒
  ░░      ░  ▒▒▒▓▓▓▓▒▒░ ░▒▒▒▒▒▒▒▒
  ▒▒▒▒  ░ ░░░░▒░▒▓▓▒░▒▒░▒▒▒▒▒▒▒▒▒
          ░▒▒▒▒▓▓▓▓▓▓▓▒▒▒▒▒▒▒▒▒▒▒
  ░      ▒▓▓▓▒▓▒▒▒▒▒▒▒▓▓▒▒▒▒▒▒▒▒▒
  ▒     ░▓▓▓▒░▒▒▒▒▒▒▒▓▒▒▒▒▒▒▒▒▒▒▒
         ▒▓▒▒░▒▒▒▒▒▒▒▒░▒▒▒▒▒▒▒▒▒▒
    ░▒░   ░░  ▒▒░░░░▒▓  ░░▒▒▒▒▒▒▒
    ▒░        ▓▓▒▒▒▒█▒        ░▒▒
  ▓           ░█▒░░▒▓           ░
  ▓▒             ▒▓░             
  ▓░   ▒░░░░    ▓█▒              
  ▓    ░░░░░    ░░    ░░▒▒░░░    
  ▒                              
                ░░               
         ░▒ ░ ▒▓░░░░░░░░░░░░░░░▒▒
   ░      ░ ░▒▓░▒█▓░▒▓▒▒▒░░░░░░▒▒
  ░▓ ▒▓ ░░░ ░░░░▒▒▒▒▒▒▒░░▒▒▒▒▒▒▒▒
     ░░ ░░░             ░▒▒▒▒▒▒▒▒
  ░░      ░  ▒▒▒▓▓▓▓▒▒░ ░▒▒▒▒▒▒▒▒
  ▒▒▒▒  ░ ░░░░▒░▒▓▓▒░▒▒░▒▒▒▒▒▒▒▒▒
          ░▒▒▒▒▓▓▓▓▓▓▓▒▒▒▒▒▒▒▒▒▒▒
  ░      ▒▓▓▓▒▓▒▒▒▒▒▒▒▓▓▒▒▒▒▒▒▒▒▒
  ▒     ░▓▓▓▒░▒▒▒▒▒▒▒▓▒▒▒▒▒▒▒▒▒▒▒
         ▒▓▒▒░▒▒▒▒▒▒▒▒░▒▒▒▒▒▒▒▒▒▒
    ░▒░   ░░  ▒▒░░░░▒▓  ░░▒▒▒▒▒▒▒
    ▒░        ▓▓▒▒▒▒█▒        ░▒▒
  ▓           ░█▒░░▒▓           ░
  ▓▒             ▒▓░             
  ▓░   ▒░░░░    ▓█▒              
  ▓    ░░░░░    ░░    ░░▒▒░░░    
  ▒                              
                ░░               
  
  KittyImage with width set to 10:
  ░░░░▒▒░░▒▒
  ░ ░░▒▒▒▒▒▒
    ▒▒▒▒▒▒▒▒
  ░   ▒▒   ░
            
  
  KittyImage inside table:
  ┏━━━━━━━━━━━━━━┳━━━━━━━━━━━━━━━━━━┳━━━━━━━━━━━━━━━━━━━━━━━━━━━━━━━━━┓
  ┃ Name         ┃ Birthday         ┃ Picture                         ┃
  ┡━━━━━━━━━━━━━━╇━━━━━━━━━━━━━━━━━━╇━━━━━━━━━━━━━━━━━━━━━━━━━━━━━━━━━┩
  │ Grace Hopper │ December 9, 1906 │        ░▒ ░ ▒▓░░░░░░░░░░░░░░░▒▒ │
  │              │                  │  ░      ░ ░▒▓░▒█▓░▒▓▒▒▒░░░░░░▒▒ │
  │              │                  │ ░▓ ▒▓ ░░░ ░░░░▒▒▒▒▒▒▒░░▒▒▒▒▒▒▒▒ │
  │              │                  │    ░░ ░░░             ░▒▒▒▒▒▒▒▒ │
  │              │                  │ ░░      ░  ▒▒▒▓▓▓▓▒▒░ ░▒▒▒▒▒▒▒▒ │
  │              │                  │ ▒▒▒▒  ░ ░░░░▒░▒▓▓▒░▒▒░▒▒▒▒▒▒▒▒▒ │
  │              │                  │         ░▒▒▒▒▓▓▓▓▓▓▓▒▒▒▒▒▒▒▒▒▒▒ │
  │              │                  │ ░      ▒▓▓▓▒▓▒▒▒▒▒▒▒▓▓▒▒▒▒▒▒▒▒▒ │
  │              │                  │ ▒     ░▓▓▓▒░▒▒▒▒▒▒▒▓▒▒▒▒▒▒▒▒▒▒▒ │
  │              │                  │        ▒▓▒▒░▒▒▒▒▒▒▒▒░▒▒▒▒▒▒▒▒▒▒ │
  │              │                  │   ░▒░   ░░  ▒▒░░░░▒▓  ░░▒▒▒▒▒▒▒ │
  │              │                  │   ▒░        ▓▓▒▒▒▒█▒        ░▒▒ │
  │              │                  │ ▓           ░█▒░░▒▓           ░ │
  │              │                  │ ▓▒             ▒▓░              │
  │              │                  │ ▓░   ▒░░░░    ▓█▒               │
  │              │                  │ ▓    ░░░░░    ░░    ░░▒▒░░░     │
  │              │                  │ ▒                               │
  │              │                  │               ░░                │
  └──────────────┴──────────────────┴─────────────────────────────────┘
  [3;35mNone[0m
  
  '''
# ---
